[2025-09-08T14:04:19.624+0300][gc,init] CardTable entry size: 512
[2025-09-08T14:04:19.624+0300][gc     ] Using G1
[2025-09-08T14:04:19.630+0300][gc,init] Version: 21.0.8+9-Ubuntu-0ubuntu125.04.1 (release)
[2025-09-08T14:04:19.630+0300][gc,init] CPUs: 16 total, 4 available
[2025-09-08T14:04:19.630+0300][gc,init] Memory: 123G
[2025-09-08T14:04:19.630+0300][gc,init] Large Page Support: Disabled
[2025-09-08T14:04:19.630+0300][gc,init] NUMA Support: Disabled
[2025-09-08T14:04:19.630+0300][gc,init] Compressed Oops: Enabled (Zero based)
[2025-09-08T14:04:19.630+0300][gc,init] Heap Region Size: 16M
[2025-09-08T14:04:19.630+0300][gc,init] Heap Min Capacity: 6G
[2025-09-08T14:04:19.630+0300][gc,init] Heap Initial Capacity: 6G
[2025-09-08T14:04:19.630+0300][gc,init] Heap Max Capacity: 6G
[2025-09-08T14:04:19.630+0300][gc,init] Pre-touch: Disabled
[2025-09-08T14:04:19.630+0300][gc,init] Parallel Workers: 4
[2025-09-08T14:04:19.630+0300][gc,init] Concurrent Workers: 1
[2025-09-08T14:04:19.630+0300][gc,init] Concurrent Refinement Workers: 4
[2025-09-08T14:04:19.630+0300][gc,init] Periodic GC: Disabled
[2025-09-08T14:04:19.638+0300][gc,metaspace] CDS archive(s) mapped at: [0x000000b800000000-0x000000b800cb0000-0x000000b800cb0000), size 13303808, SharedBaseAddress: 0x000000b800000000, ArchiveRelocationMode: 1.
[2025-09-08T14:04:19.638+0300][gc,metaspace] Compressed class space mapped at: 0x000000b801000000-0x000000b841000000, reserved size: 1073741824
[2025-09-08T14:04:19.638+0300][gc,metaspace] Narrow klass base: 0x000000b800000000, Narrow klass shift: 0, Narrow klass range: 0x100000000
[2025-09-08T14:04:26.729+0300][gc,start    ] GC(0) Pause Young (Normal) (G1 Evacuation Pause)
[2025-09-08T14:04:26.729+0300][gc,task     ] GC(0) Using 4 workers of 4 for evacuation
[2025-09-08T14:04:26.732+0300][gc,phases   ] GC(0)   Pre Evacuate Collection Set: 0.1ms
[2025-09-08T14:04:26.732+0300][gc,phases   ] GC(0)   Merge Heap Roots: 0.1ms
[2025-09-08T14:04:26.732+0300][gc,phases   ] GC(0)   Evacuate Collection Set: 1.6ms
[2025-09-08T14:04:26.732+0300][gc,phases   ] GC(0)   Post Evacuate Collection Set: 0.3ms
[2025-09-08T14:04:26.732+0300][gc,phases   ] GC(0)   Other: 0.4ms
[2025-09-08T14:04:26.732+0300][gc,heap     ] GC(0) Eden regions: 76->0(75)
[2025-09-08T14:04:26.732+0300][gc,heap     ] GC(0) Survivor regions: 0->1(10)
[2025-09-08T14:04:26.732+0300][gc,heap     ] GC(0) Old regions: 1->1
[2025-09-08T14:04:26.732+0300][gc,heap     ] GC(0) Humongous regions: 0->0
[2025-09-08T14:04:26.732+0300][gc,metaspace] GC(0) Metaspace: 7141K(7424K)->7141K(7424K) NonClass: 6368K(6528K)->6368K(6528K) Class: 773K(896K)->773K(896K)
[2025-09-08T14:04:26.732+0300][gc          ] GC(0) Pause Young (Normal) (G1 Evacuation Pause) 1217M->3M(6144M) 3.480ms
[2025-09-08T14:04:26.732+0300][gc,cpu      ] GC(0) User=0.01s Sys=0.01s Real=0.00s
[2025-09-08T14:07:08.813+0300][gc,start    ] GC(1) Pause Young (Normal) (G1 Evacuation Pause)
[2025-09-08T14:07:08.813+0300][gc,task     ] GC(1) Using 4 workers of 4 for evacuation
[2025-09-08T14:07:08.816+0300][gc,phases   ] GC(1)   Pre Evacuate Collection Set: 0.1ms
[2025-09-08T14:07:08.816+0300][gc,phases   ] GC(1)   Merge Heap Roots: 0.0ms
[2025-09-08T14:07:08.816+0300][gc,phases   ] GC(1)   Evacuate Collection Set: 1.7ms
[2025-09-08T14:07:08.816+0300][gc,phases   ] GC(1)   Post Evacuate Collection Set: 0.3ms
[2025-09-08T14:07:08.816+0300][gc,phases   ] GC(1)   Other: 0.0ms
[2025-09-08T14:07:08.816+0300][gc,heap     ] GC(1) Eden regions: 75->0(75)
[2025-09-08T14:07:08.816+0300][gc,heap     ] GC(1) Survivor regions: 1->1(10)
[2025-09-08T14:07:08.816+0300][gc,heap     ] GC(1) Old regions: 1->1
[2025-09-08T14:07:08.816+0300][gc,heap     ] GC(1) Humongous regions: 0->0
[2025-09-08T14:07:08.816+0300][gc,metaspace] GC(1) Metaspace: 11345K(11584K)->11345K(11584K) NonClass: 10129K(10240K)->10129K(10240K) Class: 1215K(1344K)->1215K(1344K)
[2025-09-08T14:07:08.816+0300][gc          ] GC(1) Pause Young (Normal) (G1 Evacuation Pause) 1203M->4M(6144M) 2.337ms
[2025-09-08T14:07:08.816+0300][gc,cpu      ] GC(1) User=0.00s Sys=0.00s Real=0.01s
[2025-09-08T14:11:19.621+0300][gc,heap,exit] Heap
[2025-09-08T14:11:19.621+0300][gc,heap,exit]  garbage-first heap   total 6291456K, used 1017160K [0x0000000680000000, 0x0000000800000000)
[2025-09-08T14:11:19.621+0300][gc,heap,exit]   region size 16384K, 63 young (1032192K), 1 survivors (16384K)
[2025-09-08T14:11:19.621+0300][gc,heap,exit]  Metaspace       used 12080K, committed 12352K, reserved 1114112K
[2025-09-08T14:11:19.621+0300][gc,heap,exit]   class space    used 1302K, committed 1408K, reserved 1048576K
