[2025-09-08T14:12:20.202+0300][gc,init] CardTable entry size: 512
[2025-09-08T14:12:20.202+0300][gc     ] Using G1
[2025-09-08T14:12:20.208+0300][gc,init] Version: 21.0.8+9-Ubuntu-0ubuntu125.04.1 (release)
[2025-09-08T14:12:20.208+0300][gc,init] CPUs: 16 total, 4 available
[2025-09-08T14:12:20.208+0300][gc,init] Memory: 123G
[2025-09-08T14:12:20.208+0300][gc,init] Large Page Support: Disabled
[2025-09-08T14:12:20.208+0300][gc,init] NUMA Support: Disabled
[2025-09-08T14:12:20.208+0300][gc,init] Compressed Oops: Enabled (Zero based)
[2025-09-08T14:12:20.208+0300][gc,init] Heap Region Size: 16M
[2025-09-08T14:12:20.208+0300][gc,init] Heap Min Capacity: 6G
[2025-09-08T14:12:20.208+0300][gc,init] Heap Initial Capacity: 6G
[2025-09-08T14:12:20.208+0300][gc,init] Heap Max Capacity: 6G
[2025-09-08T14:12:20.208+0300][gc,init] Pre-touch: Disabled
[2025-09-08T14:12:20.208+0300][gc,init] Parallel Workers: 4
[2025-09-08T14:12:20.208+0300][gc,init] Concurrent Workers: 1
[2025-09-08T14:12:20.208+0300][gc,init] Concurrent Refinement Workers: 4
[2025-09-08T14:12:20.208+0300][gc,init] Periodic GC: Disabled
[2025-09-08T14:12:20.215+0300][gc,metaspace] CDS archive(s) mapped at: [0x0000009000000000-0x0000009000cb0000-0x0000009000cb0000), size 13303808, SharedBaseAddress: 0x0000009000000000, ArchiveRelocationMode: 1.
[2025-09-08T14:12:20.216+0300][gc,metaspace] Compressed class space mapped at: 0x0000009001000000-0x0000009041000000, reserved size: 1073741824
[2025-09-08T14:12:20.216+0300][gc,metaspace] Narrow klass base: 0x0000009000000000, Narrow klass shift: 0, Narrow klass range: 0x100000000
[2025-09-08T14:12:27.279+0300][gc,start    ] GC(0) Pause Young (Normal) (G1 Evacuation Pause)
[2025-09-08T14:12:27.280+0300][gc,task     ] GC(0) Using 4 workers of 4 for evacuation
[2025-09-08T14:12:27.282+0300][gc,phases   ] GC(0)   Pre Evacuate Collection Set: 0.1ms
[2025-09-08T14:12:27.282+0300][gc,phases   ] GC(0)   Merge Heap Roots: 0.1ms
[2025-09-08T14:12:27.282+0300][gc,phases   ] GC(0)   Evacuate Collection Set: 1.6ms
[2025-09-08T14:12:27.282+0300][gc,phases   ] GC(0)   Post Evacuate Collection Set: 0.3ms
[2025-09-08T14:12:27.282+0300][gc,phases   ] GC(0)   Other: 0.4ms
[2025-09-08T14:12:27.282+0300][gc,heap     ] GC(0) Eden regions: 76->0(75)
[2025-09-08T14:12:27.282+0300][gc,heap     ] GC(0) Survivor regions: 0->1(10)
[2025-09-08T14:12:27.282+0300][gc,heap     ] GC(0) Old regions: 1->1
[2025-09-08T14:12:27.282+0300][gc,heap     ] GC(0) Humongous regions: 0->0
[2025-09-08T14:12:27.282+0300][gc,metaspace] GC(0) Metaspace: 7135K(7360K)->7135K(7360K) NonClass: 6363K(6464K)->6363K(6464K) Class: 772K(896K)->772K(896K)
[2025-09-08T14:12:27.282+0300][gc          ] GC(0) Pause Young (Normal) (G1 Evacuation Pause) 1217M->3M(6144M) 2.649ms
[2025-09-08T14:12:27.282+0300][gc,cpu      ] GC(0) User=0.01s Sys=0.00s Real=0.00s
[2025-09-08T14:12:59.652+0300][gc,start    ] GC(1) Pause Young (Normal) (G1 Evacuation Pause)
[2025-09-08T14:12:59.652+0300][gc,task     ] GC(1) Using 4 workers of 4 for evacuation
[2025-09-08T14:12:59.653+0300][gc,phases   ] GC(1)   Pre Evacuate Collection Set: 0.1ms
[2025-09-08T14:12:59.653+0300][gc,phases   ] GC(1)   Merge Heap Roots: 0.0ms
[2025-09-08T14:12:59.653+0300][gc,phases   ] GC(1)   Evacuate Collection Set: 1.3ms
[2025-09-08T14:12:59.653+0300][gc,phases   ] GC(1)   Post Evacuate Collection Set: 0.3ms
[2025-09-08T14:12:59.653+0300][gc,phases   ] GC(1)   Other: 0.0ms
[2025-09-08T14:12:59.653+0300][gc,heap     ] GC(1) Eden regions: 75->0(75)
[2025-09-08T14:12:59.653+0300][gc,heap     ] GC(1) Survivor regions: 1->1(10)
[2025-09-08T14:12:59.653+0300][gc,heap     ] GC(1) Old regions: 1->1
[2025-09-08T14:12:59.653+0300][gc,heap     ] GC(1) Humongous regions: 0->0
[2025-09-08T14:12:59.653+0300][gc,metaspace] GC(1) Metaspace: 7640K(7936K)->7640K(7936K) NonClass: 6799K(6976K)->6799K(6976K) Class: 840K(960K)->840K(960K)
[2025-09-08T14:12:59.653+0300][gc          ] GC(1) Pause Young (Normal) (G1 Evacuation Pause) 1203M->4M(6144M) 1.857ms
[2025-09-08T14:12:59.653+0300][gc,cpu      ] GC(1) User=0.00s Sys=0.00s Real=0.00s
[2025-09-08T14:13:32.399+0300][gc,start    ] GC(2) Pause Young (Normal) (G1 Evacuation Pause)
[2025-09-08T14:13:32.399+0300][gc,task     ] GC(2) Using 4 workers of 4 for evacuation
[2025-09-08T14:13:32.402+0300][gc,phases   ] GC(2)   Pre Evacuate Collection Set: 0.1ms
[2025-09-08T14:13:32.402+0300][gc,phases   ] GC(2)   Merge Heap Roots: 0.0ms
[2025-09-08T14:13:32.402+0300][gc,phases   ] GC(2)   Evacuate Collection Set: 1.9ms
[2025-09-08T14:13:32.402+0300][gc,phases   ] GC(2)   Post Evacuate Collection Set: 0.3ms
[2025-09-08T14:13:32.402+0300][gc,phases   ] GC(2)   Other: 0.0ms
[2025-09-08T14:13:32.402+0300][gc,heap     ] GC(2) Eden regions: 75->0(75)
[2025-09-08T14:13:32.402+0300][gc,heap     ] GC(2) Survivor regions: 1->1(10)
[2025-09-08T14:13:32.402+0300][gc,heap     ] GC(2) Old regions: 1->1
[2025-09-08T14:13:32.402+0300][gc,heap     ] GC(2) Humongous regions: 0->0
[2025-09-08T14:13:32.402+0300][gc,metaspace] GC(2) Metaspace: 11336K(11584K)->11336K(11584K) NonClass: 10121K(10240K)->10121K(10240K) Class: 1214K(1344K)->1214K(1344K)
[2025-09-08T14:13:32.402+0300][gc          ] GC(2) Pause Young (Normal) (G1 Evacuation Pause) 1204M->4M(6144M) 2.550ms
[2025-09-08T14:13:32.402+0300][gc,cpu      ] GC(2) User=0.01s Sys=0.00s Real=0.00s
[2025-09-08T14:14:05.563+0300][gc,start    ] GC(3) Pause Young (Normal) (G1 Evacuation Pause)
[2025-09-08T14:14:05.563+0300][gc,task     ] GC(3) Using 4 workers of 4 for evacuation
[2025-09-08T14:14:05.566+0300][gc,phases   ] GC(3)   Pre Evacuate Collection Set: 0.1ms
[2025-09-08T14:14:05.566+0300][gc,phases   ] GC(3)   Merge Heap Roots: 0.0ms
[2025-09-08T14:14:05.566+0300][gc,phases   ] GC(3)   Evacuate Collection Set: 1.9ms
[2025-09-08T14:14:05.566+0300][gc,phases   ] GC(3)   Post Evacuate Collection Set: 0.3ms
[2025-09-08T14:14:05.566+0300][gc,phases   ] GC(3)   Other: 0.0ms
[2025-09-08T14:14:05.566+0300][gc,heap     ] GC(3) Eden regions: 75->0(75)
[2025-09-08T14:14:05.566+0300][gc,heap     ] GC(3) Survivor regions: 1->1(10)
[2025-09-08T14:14:05.566+0300][gc,heap     ] GC(3) Old regions: 1->1
[2025-09-08T14:14:05.566+0300][gc,heap     ] GC(3) Humongous regions: 0->0
[2025-09-08T14:14:05.566+0300][gc,metaspace] GC(3) Metaspace: 11343K(11648K)->11343K(11648K) NonClass: 10128K(10304K)->10128K(10304K) Class: 1214K(1344K)->1214K(1344K)
[2025-09-08T14:14:05.566+0300][gc          ] GC(3) Pause Young (Normal) (G1 Evacuation Pause) 1204M->4M(6144M) 2.520ms
[2025-09-08T14:14:05.566+0300][gc,cpu      ] GC(3) User=0.01s Sys=0.00s Real=0.01s
[2025-09-08T14:14:38.825+0300][gc,start    ] GC(4) Pause Young (Normal) (G1 Evacuation Pause)
[2025-09-08T14:14:38.825+0300][gc,task     ] GC(4) Using 4 workers of 4 for evacuation
[2025-09-08T14:14:38.827+0300][gc,phases   ] GC(4)   Pre Evacuate Collection Set: 0.1ms
[2025-09-08T14:14:38.827+0300][gc,phases   ] GC(4)   Merge Heap Roots: 0.0ms
[2025-09-08T14:14:38.827+0300][gc,phases   ] GC(4)   Evacuate Collection Set: 1.6ms
[2025-09-08T14:14:38.827+0300][gc,phases   ] GC(4)   Post Evacuate Collection Set: 0.3ms
[2025-09-08T14:14:38.827+0300][gc,phases   ] GC(4)   Other: 0.0ms
[2025-09-08T14:14:38.827+0300][gc,heap     ] GC(4) Eden regions: 75->0(76)
[2025-09-08T14:14:38.827+0300][gc,heap     ] GC(4) Survivor regions: 1->1(10)
[2025-09-08T14:14:38.827+0300][gc,heap     ] GC(4) Old regions: 1->1
[2025-09-08T14:14:38.827+0300][gc,heap     ] GC(4) Humongous regions: 0->0
[2025-09-08T14:14:38.827+0300][gc,metaspace] GC(4) Metaspace: 11348K(11648K)->11348K(11648K) NonClass: 10133K(10304K)->10133K(10304K) Class: 1215K(1344K)->1215K(1344K)
[2025-09-08T14:14:38.827+0300][gc          ] GC(4) Pause Young (Normal) (G1 Evacuation Pause) 1204M->4M(6144M) 2.175ms
[2025-09-08T14:14:38.827+0300][gc,cpu      ] GC(4) User=0.00s Sys=0.00s Real=0.00s
[2025-09-08T14:15:12.989+0300][gc,start    ] GC(5) Pause Young (Normal) (G1 Evacuation Pause)
[2025-09-08T14:15:12.989+0300][gc,task     ] GC(5) Using 4 workers of 4 for evacuation
[2025-09-08T14:15:12.991+0300][gc,phases   ] GC(5)   Pre Evacuate Collection Set: 0.1ms
[2025-09-08T14:15:12.991+0300][gc,phases   ] GC(5)   Merge Heap Roots: 0.0ms
[2025-09-08T14:15:12.991+0300][gc,phases   ] GC(5)   Evacuate Collection Set: 1.7ms
[2025-09-08T14:15:12.991+0300][gc,phases   ] GC(5)   Post Evacuate Collection Set: 0.3ms
[2025-09-08T14:15:12.991+0300][gc,phases   ] GC(5)   Other: 0.0ms
[2025-09-08T14:15:12.991+0300][gc,heap     ] GC(5) Eden regions: 76->0(81)
[2025-09-08T14:15:12.991+0300][gc,heap     ] GC(5) Survivor regions: 1->1(10)
[2025-09-08T14:15:12.991+0300][gc,heap     ] GC(5) Old regions: 1->1
[2025-09-08T14:15:12.991+0300][gc,heap     ] GC(5) Humongous regions: 0->0
[2025-09-08T14:15:12.991+0300][gc,metaspace] GC(5) Metaspace: 11348K(11648K)->11348K(11648K) NonClass: 10133K(10304K)->10133K(10304K) Class: 1215K(1344K)->1215K(1344K)
[2025-09-08T14:15:12.991+0300][gc          ] GC(5) Pause Young (Normal) (G1 Evacuation Pause) 1220M->4M(6144M) 2.330ms
[2025-09-08T14:15:12.991+0300][gc,cpu      ] GC(5) User=0.01s Sys=0.01s Real=0.00s
[2025-09-08T14:15:49.152+0300][gc,start    ] GC(6) Pause Young (Normal) (G1 Evacuation Pause)
[2025-09-08T14:15:49.152+0300][gc,task     ] GC(6) Using 4 workers of 4 for evacuation
[2025-09-08T14:15:49.155+0300][gc,phases   ] GC(6)   Pre Evacuate Collection Set: 0.1ms
[2025-09-08T14:15:49.155+0300][gc,phases   ] GC(6)   Merge Heap Roots: 0.0ms
[2025-09-08T14:15:49.155+0300][gc,phases   ] GC(6)   Evacuate Collection Set: 1.7ms
[2025-09-08T14:15:49.155+0300][gc,phases   ] GC(6)   Post Evacuate Collection Set: 0.3ms
[2025-09-08T14:15:49.155+0300][gc,phases   ] GC(6)   Other: 0.1ms
[2025-09-08T14:15:49.155+0300][gc,heap     ] GC(6) Eden regions: 81->0(152)
[2025-09-08T14:15:49.155+0300][gc,heap     ] GC(6) Survivor regions: 1->1(11)
[2025-09-08T14:15:49.155+0300][gc,heap     ] GC(6) Old regions: 1->1
[2025-09-08T14:15:49.155+0300][gc,heap     ] GC(6) Humongous regions: 0->0
[2025-09-08T14:15:49.155+0300][gc,metaspace] GC(6) Metaspace: 11355K(11648K)->11355K(11648K) NonClass: 10140K(10304K)->10140K(10304K) Class: 1215K(1344K)->1215K(1344K)
[2025-09-08T14:15:49.155+0300][gc          ] GC(6) Pause Young (Normal) (G1 Evacuation Pause) 1300M->4M(6144M) 2.349ms
[2025-09-08T14:15:49.155+0300][gc,cpu      ] GC(6) User=0.00s Sys=0.00s Real=0.01s
[2025-09-08T14:16:57.585+0300][gc,start    ] GC(7) Pause Young (Normal) (G1 Evacuation Pause)
[2025-09-08T14:16:57.585+0300][gc,task     ] GC(7) Using 4 workers of 4 for evacuation
[2025-09-08T14:16:57.587+0300][gc,phases   ] GC(7)   Pre Evacuate Collection Set: 0.1ms
[2025-09-08T14:16:57.587+0300][gc,phases   ] GC(7)   Merge Heap Roots: 0.0ms
[2025-09-08T14:16:57.587+0300][gc,phases   ] GC(7)   Evacuate Collection Set: 1.6ms
[2025-09-08T14:16:57.587+0300][gc,phases   ] GC(7)   Post Evacuate Collection Set: 0.3ms
[2025-09-08T14:16:57.587+0300][gc,phases   ] GC(7)   Other: 0.1ms
[2025-09-08T14:16:57.587+0300][gc,heap     ] GC(7) Eden regions: 152->0(152)
[2025-09-08T14:16:57.587+0300][gc,heap     ] GC(7) Survivor regions: 1->1(20)
[2025-09-08T14:16:57.587+0300][gc,heap     ] GC(7) Old regions: 1->1
[2025-09-08T14:16:57.587+0300][gc,heap     ] GC(7) Humongous regions: 0->0
[2025-09-08T14:16:57.587+0300][gc,metaspace] GC(7) Metaspace: 11358K(11648K)->11358K(11648K) NonClass: 10143K(10304K)->10143K(10304K) Class: 1215K(1344K)->1215K(1344K)
[2025-09-08T14:16:57.587+0300][gc          ] GC(7) Pause Young (Normal) (G1 Evacuation Pause) 2436M->4M(6144M) 2.251ms
[2025-09-08T14:16:57.587+0300][gc,cpu      ] GC(7) User=0.01s Sys=0.01s Real=0.00s
[2025-09-08T14:19:20.199+0300][gc,heap,exit] Heap
[2025-09-08T14:19:20.199+0300][gc,heap,exit]  garbage-first heap   total 6291456K, used 1133188K [0x0000000680000000, 0x0000000800000000)
[2025-09-08T14:19:20.199+0300][gc,heap,exit]   region size 16384K, 70 young (1146880K), 1 survivors (16384K)
[2025-09-08T14:19:20.199+0300][gc,heap,exit]  Metaspace       used 12082K, committed 12352K, reserved 1114112K
[2025-09-08T14:19:20.199+0300][gc,heap,exit]   class space    used 1302K, committed 1408K, reserved 1048576K
